// Jest Snapshot v1, https://goo.gl/fbAQLP

exports[`Button component test check if snapshot is matching  1`] = `
<button
  className="button"
  data-testid="btn"
  onClick={[Function]}
/>
`;
